// Jest Snapshot v1, https://goo.gl/fbAQLP

exports[`Pruebas del componente App Debe mostrar <App /> correctamente 1`] = `
<Fragment>
  <h1>
    Hola
  </h1>
  <p>
    Learning React with Fernando Herrera
  </p>
</Fragment>
`;
